// Jest Snapshot v1, https://goo.gl/fbAQLP

exports[`components/Navbar.vue renders correctly 1`] = `
<nav
  aria-label="main navigation"
  class="navbar is-primary"
  role="navigation"
>
  <div
    class="navbar-brand"
  >
    <a
      class="navbar-item"
    >
      <img
        alt="Buefy"
        height="28"
        src="~assets/buefy.png"
      />
    </a>
    <a
      aria-label="menu"
      class="navbar-burger burger"
      role="button"
    >
      <span
        aria-hidden="true"
      />
      <span
        aria-hidden="true"
      />
      <span
        aria-hidden="true"
      />
    </a>
  </div>
  <div
    class="navbar-menu"
  >
    <div
      class="navbar-start"
    />
    <div
      class="navbar-end"
    >
      <div
        class="navbar-item has-dropdown"
      >
        <a
          aria-haspopup="true"
          class="navbar-link"
          href="#"
          role="menuitem"
        >
          <span
            class="flag-icon flag-icon-us"
            title="us"
          />
           English
      
        </a>
        <div
          class="navbar-dropdown is-right"
          style="display: none;"
        >
          <a
            class="navbar-item"
          >
            <span
              class="flag-icon flag-icon-jp"
              title="jp"
            />
             
            <span>
               日本語
            </span>
          </a>
        </div>
      </div>
    </div>
  </div>
</nav>
`;
