// Jest Snapshot v1, https://goo.gl/fbAQLP

exports[`pages/environment.vue renders correctly 1`] = `
<section
  class="section"
>
  <h2
    class="title is-3 has-text-grey"
  >
    
    Client-side Environments
  
  </h2>
   
  <ul>
    <li>
      <b>
        BASE_PATH
      </b>
      
      : foo
    
    </li>
    <li>
      <b>
        NODE_ENV
      </b>
      
      : bar
    
    </li>
  </ul>
</section>
`;
